-- test with regproc (func without arg types)
-- error messages
select jsonb_apply('"hello"', 'length');
ERROR:  only functions that return text are supported
select jsonb_apply('"hello"', 'gsdgfd');
ERROR:  function gsdgfd(text) does not exist
-- funcs with nargs=0 (ignoring for now)
-- create function lorem() returns text language sql as $$ select 'lorem ipsum'$$;
-- select jsonb_apply('"hello"', 'lorem()');
-- funcs with nargs=1
select jsonb_apply('"hELLo"', 'lower');
 jsonb_apply 
-------------
 "hello"
(1 row)

select jsonb_apply('"hELLo"', 'upper');
 jsonb_apply 
-------------
 "HELLO"
(1 row)

select jsonb_apply('"hELLo"', 'reverse');
 jsonb_apply 
-------------
 "oLLEh"
(1 row)

select jsonb_apply('"    hELLo  "', 'ltrim');
 jsonb_apply 
-------------
 "hELLo  "
(1 row)

select jsonb_apply('"    hELLo  "', 'rtrim');
 jsonb_apply 
-------------
 "    hELLo"
(1 row)

select jsonb_apply('"    hELLo  "', 'btrim');
 jsonb_apply 
-------------
 "hELLo"
(1 row)

-- funcs with combination of argtypes
select jsonb_apply('"hello world"', 'replace', 'hello', 'bye');
 jsonb_apply 
-------------
 "bye world"
(1 row)

select jsonb_apply('"Pg"', 'repeat', 3);
 jsonb_apply 
-------------
 "PgPgPg"
(1 row)

select jsonb_apply('"abc~@~def~@~ghi"', 'split_part', '~@~', 2);
 jsonb_apply 
-------------
 "def"
(1 row)

-- complex object, just checking for spurious pointers.
select jsonb_apply('{"f": "John", "l": "Doe", "message": "Who are you?", "arr": ["Hello", {"k": "value"}]}', 'lower');
                                      jsonb_apply                                       
----------------------------------------------------------------------------------------
 {"f": "john", "l": "doe", "arr": ["hello", {"k": "value"}], "message": "who are you?"}
(1 row)

select jsonb_apply('{"f": "John", "l": "Doe", "message": "Who are you?", "arr": ["Hello", {"k": "value"}]}', 'upper');
                                      jsonb_apply                                       
----------------------------------------------------------------------------------------
 {"f": "JOHN", "l": "DOE", "arr": ["HELLO", {"k": "VALUE"}], "message": "WHO ARE YOU?"}
(1 row)

select jsonb_apply('{"f": "John", "l": "Doe", "message": "Who are you?", "arr": ["Hello", {"k": "value"}]}', 'reverse');
                                      jsonb_apply                                       
----------------------------------------------------------------------------------------
 {"f": "nhoJ", "l": "eoD", "arr": ["olleH", {"k": "eulav"}], "message": "?uoy era ohW"}
(1 row)

------------ IGNORE FOR NOW ------------
--
--
-- test with regprocedure (func without arg types)
--
-- -- error messages
-- select jsonb_apply('"hello"', 'length(text)');
-- select jsonb_apply('"hello"', 'gsdgfd(text, text)');
--
-- create function lorem() returns text language sql as $$ select 'lorem ipsum'$$;
--
-- -- funcs with nargs=0
-- select jsonb_apply('"hello"', 'lorem()');
--
-- -- funcs with nargs=1
-- select jsonb_apply('"hello"', 'lower(text)');
-- select jsonb_apply('"hello"', 'upper(text)');
-- select jsonb_apply('"hello"', 'reverse(text)');
-- select jsonb_apply('"    hELLo  "', 'ltrim(text)');
-- select jsonb_apply('"    hELLo  "', 'rtrim(text)');
-- select jsonb_apply('"    hELLo  "', 'btrim(text)');
--
-- -- funcs with combination of argtypes
-- select jsonb_apply('"hello world"', 'replace(text, text, text)', 'hello', 'bye');
-- select jsonb_apply('"Pg"', 'repeat(text, integer)', 3);
-- select jsonb_apply('"abc~@~def~@~ghi"', 'split_part(text,text,integer)', '~@~', 2);
--
--
-- -- complex object, just checking for spurious pointers.
-- select jsonb_apply('{"f": "John", "l": "Doe", "message": "Who are you?", "arr": ["Hello", {"k": "value"}]}', 'lower(text)');
-- select jsonb_apply('{"f": "John", "l": "Doe", "message": "Who are you?", "arr": ["Hello", {"k": "value"}]}', 'upper(text)');
-- select jsonb_apply('{"f": "John", "l": "Doe", "message": "Who are you?", "arr": ["Hello", {"k": "value"}]}', 'reverse(text)');
